// Jest Snapshot v1, https://goo.gl/fbAQLP

exports[`extract terms failed query 1`] = `
Object {
  "error": [Error: Parse error on line 1:
not a query
^
Expecting 'EOF', 'BASE', 'IRIREF', 'PREFIX', 'PNAME_NS', 'CONSTRUCT', 'DESCRIBE', 'ASK', 'SELECT', '(', 'LOAD', 'CREATE', 'INSERTDATA', 'DELETEDATA', 'DELETEWHERE', 'DELETE', 'INSERT', 'WITH', 'a', '!', '^', 'PNAME_LN', 'CLEAR', 'DROP', 'ADD', 'MOVE', 'COPY', got 'NOT'],
}
`;
